tests/30_disjunctive/3004_nested_if.c:11.2-12: [ x in {[1;1] ∨ [3;3] ∨ [6;6]} ]
analysis ended