tests/30_disjunctive/3008_multiple_cond.c:11.2-12: [ x in {[1;1] ∨ [4;4] ∨ [7;7]} ]
analysis ended